[debug] [2026-08-30T16:36:03.148Z] ----------------------------------------------------------------------
[debug] [2026-08-30T16:36:03.155Z] Command:       /usr/local/bin/node /usr/local/bin/firebase deploy --only hosting
[debug] [2026-08-30T16:36:03.155Z] CLI Version:   15.28.1
[debug] [2026-08-30T16:36:03.155Z] Platform:      darwin
[debug] [2026-08-30T16:36:03.155Z] Node Version:  v22.19.0
[debug] [2026-08-30T16:36:03.156Z] Detected Agent: unknown
[debug] [2026-08-30T16:36:03.156Z] Time:          Sun Aug 30 2026 22:06:03 GMT+0530 (India Standard Time)
[debug] [2026-08-30T16:36:03.156Z] ----------------------------------------------------------------------
[debug] 
[debug] [2026-08-30T16:36:03.971Z] > command requires scopes: ["email","openid","https://www.googleapis.com/auth/cloudplatformprojects.readonly","https://www.googleapis.com/auth/firebase","https://www.googleapis.com/auth/cloud-platform"]
[debug] [2026-08-30T16:36:03.971Z] > authorizing via signed-in user (work57011@gmail.com)
[debug] [2026-08-30T16:36:03.971Z] [iam] checking project project-b4be9b14-6c62-47dd-b1f for permissions ["firebase.projects.get","firebasehosting.sites.update"]
[debug] [2026-08-30T16:36:03.978Z] Checked if tokens are valid: false, expires at: 1788100395354
[debug] [2026-08-30T16:36:03.978Z] Checked if tokens are valid: false, expires at: 1788100395354
[debug] [2026-08-30T16:36:03.978Z] > refreshing access token with scopes: []
[debug] [2026-08-30T16:36:03.979Z] >>> [apiv2][query] POST https://www.googleapis.com/oauth2/v3/token [none]
[debug] [2026-08-30T16:36:03.979Z] >>> [apiv2][body] POST https://www.googleapis.com/oauth2/v3/token [omitted]
[debug] [2026-08-30T16:36:04.172Z] <<< [apiv2][status] POST https://www.googleapis.com/oauth2/v3/token 200
[debug] [2026-08-30T16:36:04.172Z] <<< [apiv2][body] POST https://www.googleapis.com/oauth2/v3/token [omitted]
[debug] [2026-08-30T16:36:04.185Z] >>> [apiv2][query] POST https://cloudresourcemanager.googleapis.com/v1/projects/project-b4be9b14-6c62-47dd-b1f:testIamPermissions [none]
[debug] [2026-08-30T16:36:04.185Z] >>> [apiv2][(partial)header] POST https://cloudresourcemanager.googleapis.com/v1/projects/project-b4be9b14-6c62-47dd-b1f:testIamPermissions  x-goog-user-project=project-b4be9b14-6c62-47dd-b1f
[debug] [2026-08-30T16:36:04.185Z] >>> [apiv2][body] POST https://cloudresourcemanager.googleapis.com/v1/projects/project-b4be9b14-6c62-47dd-b1f:testIamPermissions {"permissions":["firebase.projects.get","firebasehosting.sites.update"]}
[debug] [2026-08-30T16:36:05.627Z] <<< [apiv2][status] POST https://cloudresourcemanager.googleapis.com/v1/projects/project-b4be9b14-6c62-47dd-b1f:testIamPermissions 200
[debug] [2026-08-30T16:36:05.627Z] <<< [apiv2][body] POST https://cloudresourcemanager.googleapis.com/v1/projects/project-b4be9b14-6c62-47dd-b1f:testIamPermissions {"permissions":["firebase.projects.get","firebasehosting.sites.update"]}
[debug] [2026-08-30T16:36:05.628Z] Checked if tokens are valid: true, expires at: 1788111363172
[debug] [2026-08-30T16:36:05.628Z] Checked if tokens are valid: true, expires at: 1788111363172
[debug] [2026-08-30T16:36:05.628Z] >>> [apiv2][query] GET https://firebase.googleapis.com/v1beta1/projects/project-b4be9b14-6c62-47dd-b1f [none]
[debug] [2026-08-30T16:36:06.054Z] <<< [apiv2][status] GET https://firebase.googleapis.com/v1beta1/projects/project-b4be9b14-6c62-47dd-b1f 200
[debug] [2026-08-30T16:36:06.054Z] <<< [apiv2][body] GET https://firebase.googleapis.com/v1beta1/projects/project-b4be9b14-6c62-47dd-b1f {"projectId":"project-b4be9b14-6c62-47dd-b1f","projectNumber":"94435777749","displayName":"My First Project","name":"projects/project-b4be9b14-6c62-47dd-b1f","resources":{"hostingSite":"project-b4be9b14-6c62-47dd-b1f"},"state":"ACTIVE","labels":{"firebase":"enabled"},"etag":"1_c62df108-5685-469f-b4e6-4d127c1d4434"}
[info] 
[info] === Deploying to 'project-b4be9b14-6c62-47dd-b1f'...
[info] 
[info] i  deploying hosting 
[debug] [2026-08-30T16:36:06.056Z] Checked if tokens are valid: true, expires at: 1788111363172
[debug] [2026-08-30T16:36:06.056Z] Checked if tokens are valid: true, expires at: 1788111363172
[debug] [2026-08-30T16:36:06.056Z] >>> [apiv2][query] GET https://firebasehosting.googleapis.com/v1beta1/projects/project-b4be9b14-6c62-47dd-b1f/sites/project-b4be9b14-6c62-47dd-b1f [none]
[debug] [2026-08-30T16:36:07.330Z] <<< [apiv2][status] GET https://firebasehosting.googleapis.com/v1beta1/projects/project-b4be9b14-6c62-47dd-b1f/sites/project-b4be9b14-6c62-47dd-b1f 200
[debug] [2026-08-30T16:36:07.330Z] <<< [apiv2][body] GET https://firebasehosting.googleapis.com/v1beta1/projects/project-b4be9b14-6c62-47dd-b1f/sites/project-b4be9b14-6c62-47dd-b1f {"name":"projects/project-b4be9b14-6c62-47dd-b1f/sites/project-b4be9b14-6c62-47dd-b1f","defaultUrl":"https://project-b4be9b14-6c62-47dd-b1f.web.app","type":"DEFAULT_SITE"}
[debug] [2026-08-30T16:36:07.331Z] Checked if tokens are valid: true, expires at: 1788111363172
[debug] [2026-08-30T16:36:07.331Z] Checked if tokens are valid: true, expires at: 1788111363172
[debug] [2026-08-30T16:36:07.331Z] >>> [apiv2][query] POST https://firebasehosting.googleapis.com/v1beta1/projects/-/sites/project-b4be9b14-6c62-47dd-b1f/versions [none]
[debug] [2026-08-30T16:36:07.331Z] >>> [apiv2][body] POST https://firebasehosting.googleapis.com/v1beta1/projects/-/sites/project-b4be9b14-6c62-47dd-b1f/versions {"status":"CREATED","labels":{"deployment-tool":"cli-firebase"}}
[debug] [2026-08-30T16:36:08.396Z] <<< [apiv2][status] POST https://firebasehosting.googleapis.com/v1beta1/projects/-/sites/project-b4be9b14-6c62-47dd-b1f/versions 200
[debug] [2026-08-30T16:36:08.396Z] <<< [apiv2][body] POST https://firebasehosting.googleapis.com/v1beta1/projects/-/sites/project-b4be9b14-6c62-47dd-b1f/versions {"name":"projects/94435777749/sites/project-b4be9b14-6c62-47dd-b1f/versions/b32140434d8f3fa9","status":"CREATED","config":{},"labels":{"deployment-tool":"cli-firebase"}}
[info] i  hosting[project-b4be9b14-6c62-47dd-b1f]: beginning deploy... 
[info] i  hosting[project-b4be9b14-6c62-47dd-b1f]: found 0 files in DevOps/firebase-hosting/public 
[debug] [2026-08-30T16:36:08.414Z] [hosting] uploading with 200 concurrency
[debug] [2026-08-30T16:36:08.415Z] [hosting] hash cache [RGV2T3BzL2ZpcmViYXNlLWhvc3RpbmcvcHVibGlj] not populated
[info] ✔  hosting[project-b4be9b14-6c62-47dd-b1f]: file upload complete 
[debug] [2026-08-30T16:36:08.417Z] [hosting] deploy completed after 18ms
[debug] [2026-08-30T16:36:08.418Z] [
  {
    "config": {
      "public": "DevOps/firebase-hosting/public",
      "ignore": [
        "firebase.json",
        "**/.*",
        "**/node_modules/**"
      ],
      "rewrites": [
        {
          "source": "**",
          "run": {
            "serviceId": "mahasu-travels-web",
            "region": "asia-south2"
          }
        }
      ],
      "headers": [
        {
          "source": "**",
          "headers": [
            {
              "key": "Cache-Control",
              "value": "no-cache"
            }
          ]
        }
      ],
      "site": "project-b4be9b14-6c62-47dd-b1f"
    },
    "version": "projects/94435777749/sites/project-b4be9b14-6c62-47dd-b1f/versions/b32140434d8f3fa9"
  }
]
[info] i  hosting[project-b4be9b14-6c62-47dd-b1f]: finalizing version... 
[debug] [2026-08-30T16:36:08.418Z] Checked if tokens are valid: true, expires at: 1788111363172
[debug] [2026-08-30T16:36:08.419Z] Checked if tokens are valid: true, expires at: 1788111363172
[debug] [2026-08-30T16:36:08.419Z] >>> [apiv2][query] GET https://cloudfunctions.googleapis.com/v1/projects/project-b4be9b14-6c62-47dd-b1f/locations/-/functions [none]
